
C:\Users\Panda\Documents\Launcher>´╗┐@rem Gradle Wrapper script for Windows 
.\gradlew.bat : "´╗┐@rem" no se reconoce como un comando interno o externo,
En línea: 1 Carácter: 1
+ .\gradlew.bat assembleDebug --no-daemon 2>&1 | Out-File -FilePath "bu ...
+ ~~~~~~~~~~~~~~~~~~~~~~~~~~~~~~~~~~~~~~~~~~~~
    + CategoryInfo          : NotSpecified: ("´╗┐@rem" no se...erno o externo,:String) [], RemoteException
    + FullyQualifiedErrorId : NativeCommandError
 
programa o archivo por lotes ejecutable.
